Archive member included because of file (symbol)

c:/program files (x86)/atmel/atmel toolchain/avr8 gcc/native/3.4.1061/avr8-gnu-toolchain/bin/../lib/gcc/avr/4.8.1/../../../../avr/lib/avrxmega7\libm.a(divsf3.o)
                              src/V2X/Power Sequence/powerSeq.o (__divsf3)
c:/program files (x86)/atmel/atmel toolchain/avr8 gcc/native/3.4.1061/avr8-gnu-toolchain/bin/../lib/gcc/avr/4.8.1/../../../../avr/lib/avrxmega7\libm.a(divsf3x.o)
                              c:/program files (x86)/atmel/atmel toolchain/avr8 gcc/native/3.4.1061/avr8-gnu-toolchain/bin/../lib/gcc/avr/4.8.1/../../../../avr/lib/avrxmega7\libm.a(divsf3.o) (__divsf3x)
c:/program files (x86)/atmel/atmel toolchain/avr8 gcc/native/3.4.1061/avr8-gnu-toolchain/bin/../lib/gcc/avr/4.8.1/../../../../avr/lib/avrxmega7\libm.a(fixsfdi.o)
                              src/V2X/Power Sequence/powerSeq.o (__fixunssfdi)
c:/program files (x86)/atmel/atmel toolchain/avr8 gcc/native/3.4.1061/avr8-gnu-toolchain/bin/../lib/gcc/avr/4.8.1/../../../../avr/lib/avrxmega7\libm.a(floatundisf.o)
                              src/V2X/Power Sequence/powerSeq.o (__floatundisf)
c:/program files (x86)/atmel/atmel toolchain/avr8 gcc/native/3.4.1061/avr8-gnu-toolchain/bin/../lib/gcc/avr/4.8.1/../../../../avr/lib/avrxmega7\libm.a(fp_inf.o)
                              c:/program files (x86)/atmel/atmel toolchain/avr8 gcc/native/3.4.1061/avr8-gnu-toolchain/bin/../lib/gcc/avr/4.8.1/../../../../avr/lib/avrxmega7\libm.a(divsf3x.o) (__fp_inf)
c:/program files (x86)/atmel/atmel toolchain/avr8 gcc/native/3.4.1061/avr8-gnu-toolchain/bin/../lib/gcc/avr/4.8.1/../../../../avr/lib/avrxmega7\libm.a(fp_nan.o)
                              c:/program files (x86)/atmel/atmel toolchain/avr8 gcc/native/3.4.1061/avr8-gnu-toolchain/bin/../lib/gcc/avr/4.8.1/../../../../avr/lib/avrxmega7\libm.a(divsf3x.o) (__fp_nan)
c:/program files (x86)/atmel/atmel toolchain/avr8 gcc/native/3.4.1061/avr8-gnu-toolchain/bin/../lib/gcc/avr/4.8.1/../../../../avr/lib/avrxmega7\libm.a(fp_negdi.o)
                              c:/program files (x86)/atmel/atmel toolchain/avr8 gcc/native/3.4.1061/avr8-gnu-toolchain/bin/../lib/gcc/avr/4.8.1/../../../../avr/lib/avrxmega7\libm.a(fixsfdi.o) (__fp_negdi)
c:/program files (x86)/atmel/atmel toolchain/avr8 gcc/native/3.4.1061/avr8-gnu-toolchain/bin/../lib/gcc/avr/4.8.1/../../../../avr/lib/avrxmega7\libm.a(fp_pscA.o)
                              c:/program files (x86)/atmel/atmel toolchain/avr8 gcc/native/3.4.1061/avr8-gnu-toolchain/bin/../lib/gcc/avr/4.8.1/../../../../avr/lib/avrxmega7\libm.a(divsf3x.o) (__fp_pscA)
c:/program files (x86)/atmel/atmel toolchain/avr8 gcc/native/3.4.1061/avr8-gnu-toolchain/bin/../lib/gcc/avr/4.8.1/../../../../avr/lib/avrxmega7\libm.a(fp_pscB.o)
                              c:/program files (x86)/atmel/atmel toolchain/avr8 gcc/native/3.4.1061/avr8-gnu-toolchain/bin/../lib/gcc/avr/4.8.1/../../../../avr/lib/avrxmega7\libm.a(divsf3x.o) (__fp_pscB)
c:/program files (x86)/atmel/atmel toolchain/avr8 gcc/native/3.4.1061/avr8-gnu-toolchain/bin/../lib/gcc/avr/4.8.1/../../../../avr/lib/avrxmega7\libm.a(fp_round.o)
                              c:/program files (x86)/atmel/atmel toolchain/avr8 gcc/native/3.4.1061/avr8-gnu-toolchain/bin/../lib/gcc/avr/4.8.1/../../../../avr/lib/avrxmega7\libm.a(divsf3.o) (__fp_round)
c:/program files (x86)/atmel/atmel toolchain/avr8 gcc/native/3.4.1061/avr8-gnu-toolchain/bin/../lib/gcc/avr/4.8.1/../../../../avr/lib/avrxmega7\libm.a(fp_split3.o)
                              c:/program files (x86)/atmel/atmel toolchain/avr8 gcc/native/3.4.1061/avr8-gnu-toolchain/bin/../lib/gcc/avr/4.8.1/../../../../avr/lib/avrxmega7\libm.a(divsf3x.o) (__fp_split3)
c:/program files (x86)/atmel/atmel toolchain/avr8 gcc/native/3.4.1061/avr8-gnu-toolchain/bin/../lib/gcc/avr/4.8.1/../../../../avr/lib/avrxmega7\libm.a(fp_zero.o)
                              c:/program files (x86)/atmel/atmel toolchain/avr8 gcc/native/3.4.1061/avr8-gnu-toolchain/bin/../lib/gcc/avr/4.8.1/../../../../avr/lib/avrxmega7\libm.a(divsf3x.o) (__fp_szero)
c:/program files (x86)/atmel/atmel toolchain/avr8 gcc/native/3.4.1061/avr8-gnu-toolchain/bin/../lib/gcc/avr/4.8.1/avrxmega7\libgcc.a(_divmodhi4.o)
                              src/V2X/Real Time Clock/epoch.o (__divmodhi4)
c:/program files (x86)/atmel/atmel toolchain/avr8 gcc/native/3.4.1061/avr8-gnu-toolchain/bin/../lib/gcc/avr/4.8.1/avrxmega7\libgcc.a(_udivmodsi4.o)
                              src/ASF/xmega/drivers/spi/spi.o (__udivmodsi4)
c:/program files (x86)/atmel/atmel toolchain/avr8 gcc/native/3.4.1061/avr8-gnu-toolchain/bin/../lib/gcc/avr/4.8.1/avrxmega7\libgcc.a(_exit.o)
                              c:/program files (x86)/atmel/atmel toolchain/avr8 gcc/native/3.4.1061/avr8-gnu-toolchain/bin/../lib/gcc/avr/4.8.1/../../../../avr/lib/avrxmega7/crtx128a1.o (exit)
[...]
Memory Configuration

Name             Origin             Length             Attributes
text             0x00000000         0x00100000         xr
data             0x00802000         0x0000ffa0         rw !x
eeprom           0x00810000         0x00010000         rw !x
fuse             0x00820000         0x00000400         rw !x
lock             0x00830000         0x00000400         rw !x
signature        0x00840000         0x00000400         rw !x
user_signatures  0x00850000         0x00000400         rw !x
*default*        0x00000000         0xffffffff

Linker script and memory map

LOAD c:/program files (x86)/atmel/atmel toolchain/avr8 gcc/native/3.4.1061/avr8-gnu-toolchain/bin/../lib/gcc/avr/4.8.1/../../../../avr/lib/avrxmega7/crtx128a1.o
LOAD src/ASF/common/services/sleepmgr/xmega/sleepmgr.o
LOAD src/ASF/xmega/drivers/rtc/rtc.o
LOAD src/V2X/Power Sequence/powerSeq.o
LOAD src/V2X/Real Time Clock/epoch.o
LOAD src/V2X/Real Time Clock/vrtc.o
LOAD src/ASF/common/components/display/ssd1306/font.o
LOAD src/ASF/common/components/display/ssd1306/ssd1306.o
LOAD src/ASF/common/services/clock/xmega/sysclk.o
LOAD src/ASF/common/services/ioport/xmega/ioport_compat.o
LOAD src/ASF/common/services/spi/xmega_spi/spi_master.o
LOAD src/ASF/xmega/boards/xmega_a1u_xplained_pro/board_init.o
LOAD src/ASF/xmega/drivers/cpu/ccp.o
LOAD src/ASF/xmega/drivers/nvm/nvm.o
LOAD src/ASF/xmega/drivers/nvm/nvm_asm.o
LOAD src/ASF/xmega/drivers/spi/spi.o
LOAD src/main.o
START GROUP
LOAD c:/program files (x86)/atmel/atmel toolchain/avr8 gcc/native/3.4.1061/avr8-gnu-toolchain/bin/../lib/gcc/avr/4.8.1/../../../../avr/lib/avrxmega7\libm.a
END GROUP
Address of section .BOOT set to 0x20000
START GROUP
LOAD c:/program files (x86)/atmel/atmel toolchain/avr8 gcc/native/3.4.1061/avr8-gnu-toolchain/bin/../lib/gcc/avr/4.8.1/avrxmega7\libgcc.a
LOAD c:/program files (x86)/atmel/atmel toolchain/avr8 gcc/native/3.4.1061/avr8-gnu-toolchain/bin/../lib/gcc/avr/4.8.1/../../../../avr/lib/avrxmega7\libm.a
LOAD c:/program files (x86)/atmel/atmel toolchain/avr8 gcc/native/3.4.1061/avr8-gnu-toolchain/bin/../lib/gcc/avr/4.8.1/../../../../avr/lib/avrxmega7\libc.a
END GROUP

.hash
 *(.hash)

.dynsym
 *(.dynsym)

.dynstr
 *(.dynstr)

.gnu.version
 *(.gnu.version)

.gnu.version_d
 *(.gnu.version_d)

.gnu.version_r
 *(.gnu.version_r)

.rel.init
 *(.rel.init)

.rela.init
 *(.rela.init)

.rel.text
 *(.rel.text)
 *(.rel.text.*)
 *(.rel.gnu.linkonce.t*)

.rela.text
 *(.rela.text)
 *(.rela.text.*)
 *(.rela.gnu.linkonce.t*)

.rel.fini
 *(.rel.fini)

.rela.fini
 *(.rela.fini)

.rel.rodata
 *(.rel.rodata)
 *(.rel.rodata.*)
 *(.rel.gnu.linkonce.r*)

.rela.rodata
 *(.rela.rodata)
 *(.rela.rodata.*)
 *(.rela.gnu.linkonce.r*)

.rel.data
 *(.rel.data)
 *(.rel.data.*)
 *(.rel.gnu.linkonce.d*)

.rela.data
 *(.rela.data)
 *(.rela.data.*)
 *(.rela.gnu.linkonce.d*)

.rel.ctors
 *(.rel.ctors)

.rela.ctors
 *(.rela.ctors)

.rel.dtors
 *(.rel.dtors)

.rela.dtors
 *(.rela.dtors)

.rel.got
 *(.rel.got)

.rela.got
 *(.rela.got)

.rel.bss
 *(.rel.bss)

.rela.bss
 *(.rela.bss)

.rel.plt
 *(.rel.plt)

.rela.plt
 *(.rela.plt)

.text           0x00000000      0xefc
 *(.vectors)
 .vectors       0x00000000      0x1f4 c:/program files (x86)/atmel/atmel toolchain/avr8 gcc/native/3.4.1061/avr8-gnu-toolchain/bin/../lib/gcc/avr/4.8.1/../../../../avr/lib/avrxmega7/crtx128a1.o
                0x00000000                __vector_default
                0x00000000                __vectors
 *(.vectors)
 *(.progmem.gcc*)
                0x000001f4                . = ALIGN (0x2)
                0x000001f4                __trampolines_start = .
 *(.trampolines)
 .trampolines   0x000001f4        0x0 linker stubs
 *(.trampolines*)
                0x000001f4                __trampolines_end = .
 *(.progmem*)
                0x000001f4                . = ALIGN (0x2)
 *(.jumptables)
 *(.jumptables*)
 *(.lowtext)
 *(.lowtext*)
                0x000001f4                __ctors_start = .
 *(.ctors)
                0x000001f4                __ctors_end = .
                0x000001f4                __dtors_start = .
 *(.dtors)
                0x000001f4                __dtors_end = .
 SORT(*)(.ctors)
 SORT(*)(.dtors)
 *(.init0)
 .init0         0x000001f4        0x0 c:/program files (x86)/atmel/atmel toolchain/avr8 gcc/native/3.4.1061/avr8-gnu-toolchain/bin/../lib/gcc/avr/4.8.1/../../../../avr/lib/avrxmega7/crtx128a1.o
                0x000001f4                __init
 *(.init0)
 *(.init1)
 *(.init1)
 *(.init2)
 .init2         0x000001f4       0x18 c:/program files (x86)/atmel/atmel toolchain/avr8 gcc/native/3.4.1061/avr8-gnu-toolchain/bin/../lib/gcc/avr/4.8.1/../../../../avr/lib/avrxmega7/crtx128a1.o
 *(.init2)
 *(.init3)
 *(.init3)
 *(.init4)
 .init4         0x0000020c       0x1c c:/program files (x86)/atmel/atmel toolchain/avr8 gcc/native/3.4.1061/avr8-gnu-toolchain/bin/../lib/gcc/avr/4.8.1/avrxmega7\libgcc.a(_copy_data.o)
                0x0000020c                __do_copy_data
 .init4         0x00000228       0x10 c:/program files (x86)/atmel/atmel toolchain/avr8 gcc/native/3.4.1061/avr8-gnu-toolchain/bin/../lib/gcc/avr/4.8.1/avrxmega7\libgcc.a(_clear_bss.o)
                0x00000228                __do_clear_bss
 *(.init4)
 *(.init5)
 *(.init5)
 *(.init6)
 *(.init6)
 *(.init7)
 *(.init7)
 *(.init8)
 *(.init8)
 *(.init9)
 .init9         0x00000238        0x4 c:/program files (x86)/atmel/atmel toolchain/avr8 gcc/native/3.4.1061/avr8-gnu-toolchain/bin/../lib/gcc/avr/4.8.1/../../../../avr/lib/avrxmega7/crtx128a1.o
 *(.init9)
 *(.text)
 .text          0x0000023c        0x2 c:/program files (x86)/atmel/atmel toolchain/avr8 gcc/native/3.4.1061/avr8-gnu-toolchain/bin/../lib/gcc/avr/4.8.1/../../../../avr/lib/avrxmega7/crtx128a1.o
                0x0000023c                __vector_38
                0x0000023c                __vector_104
                0x0000023c                __vector_22
                0x0000023c                __vector_63
                0x0000023c                __vector_28
                0x0000023c                __vector_67
                0x0000023c                __vector_1
                0x0000023c                __vector_119
                0x0000023c                __vector_32
                0x0000023c                __vector_75
                0x0000023c                __vector_71
                0x0000023c                __vector_91
                0x0000023c                __vector_34
                0x0000023c                __vector_62
                0x0000023c                __vector_77
                0x0000023c                __vector_102
                0x0000023c                __vector_24
                0x0000023c                __vector_12
                0x0000023c                __vector_55
                0x0000023c                __vector_69
                0x0000023c                __vector_81
                0x0000023c                __vector_90
                0x0000023c                __vector_46
                0x0000023c                __bad_interrupt
                0x0000023c                __vector_122
                0x0000023c                __vector_72
                0x0000023c                __vector_114
                0x0000023c                __vector_6
                0x0000023c                __vector_110
                0x0000023c                __vector_31
                0x0000023c                __vector_92
                0x0000023c                __vector_35
                0x0000023c                __vector_78
                0x0000023c                __vector_74
                0x0000023c                __vector_117
                0x0000023c                __vector_39
                0x0000023c                __vector_107
                0x0000023c                __vector_3
                0x0000023c                __vector_105
                0x0000023c                __vector_98
                0x0000023c                __vector_23
                0x0000023c                __vector_68
                0x0000023c                __vector_30
                0x0000023c                __vector_73
                0x0000023c                __vector_45
                0x0000023c                __vector_25
                0x0000023c                __vector_93
                0x0000023c                __vector_61
                0x0000023c                __vector_54
                0x0000023c                __vector_99
                0x0000023c                __vector_13
                0x0000023c                __vector_17
                0x0000023c                __vector_19
                0x0000023c                __vector_56
                0x0000023c                __vector_7
                0x0000023c                __vector_49
                0x0000023c                __vector_123
                0x0000023c                __vector_41
                0x0000023c                __vector_86
                0x0000023c                __vector_100
                0x0000023c                __vector_101
                0x0000023c                __vector_64
                0x0000023c                __vector_88
                0x0000023c                __vector_109
                0x0000023c                __vector_43
                0x0000023c                __vector_27
                0x0000023c                __vector_5
                0x0000023c                __vector_113
                0x0000023c                __vector_33
                0x0000023c                __vector_76
                0x0000023c                __vector_115
                0x0000023c                __vector_47
                0x0000023c                __vector_52
                0x0000023c                __vector_37
                0x0000023c                __vector_95
                0x0000023c                __vector_103
                0x0000023c                __vector_96
                0x0000023c                __vector_89
                0x0000023c                __vector_108
                0x0000023c                __vector_4
                0x0000023c                __vector_44
                0x0000023c                __vector_82
                0x0000023c                __vector_106
                0x0000023c                __vector_118
                0x0000023c                __vector_51
                0x0000023c                __vector_9
                0x0000023c                __vector_2
                0x0000023c                __vector_21
                0x0000023c                __vector_15
                0x0000023c                __vector_66
                0x0000023c                __vector_36
                0x0000023c                __vector_79
                0x0000023c                __vector_58
                0x0000023c                __vector_70
                0x0000023c                __vector_83
                0x0000023c                __vector_29
                0x0000023c                __vector_60
                0x0000023c                __vector_121
                0x0000023c                __vector_40
                0x0000023c                __vector_85
                0x0000023c                __vector_94
                0x0000023c                __vector_8
                0x0000023c                __vector_26
                0x0000023c                __vector_48
                0x0000023c                __vector_124
                0x0000023c                __vector_116
                0x0000023c                __vector_112
                0x0000023c                __vector_111
                0x0000023c                __vector_80
                0x0000023c                __vector_14
                0x0000023c                __vector_84
                0x0000023c                __vector_57
                0x0000023c                __vector_53
                0x0000023c                __vector_50
                0x0000023c                __vector_16
                0x0000023c                __vector_59
                0x0000023c                __vector_18
                0x0000023c                __vector_97
                0x0000023c                __vector_20
                0x0000023c                __vector_42
                0x0000023c                __vector_87
                0x0000023c                __vector_65
                0x0000023c                __vector_120
                0x0000023e                . = ALIGN (0x2)
 *(.text.*)
 .text.rtc_set_time
                0x0000023e       0x24 src/ASF/xmega/drivers/rtc/rtc.o
                0x0000023e                rtc_set_time
 .text.rtc_set_alarm
                0x00000262       0x30 src/ASF/xmega/drivers/rtc/rtc.o
                0x00000262                rtc_set_alarm
 .text.rtc_set_callback
                0x00000292        0xa src/ASF/xmega/drivers/rtc/rtc.o
                0x00000292                rtc_set_callback
 .text.rtc_init
                0x0000029c       0x32 src/ASF/xmega/drivers/rtc/rtc.o
                0x0000029c                rtc_init
 .text.init_power_seq
                0x000002ce       0x4e src/V2X/Power Sequence/powerSeq.o
                0x000002ce                init_power_seq
 .text.init_vrtc
                0x0000031c       0x3a src/V2X/Real Time Clock/vrtc.o
                0x0000031c                init_vrtc
 .text.setEpochTime
                0x00000356       0x7a src/V2X/Real Time Clock/vrtc.o
                0x00000356                setEpochTime
 .text.peakNextAlarmNode
                0x000003d0       0x80 src/V2X/Real Time Clock/vrtc.o
                0x000003d0                peakNextAlarmNode
 .text.setNextAlarmRoutine
                0x00000450       0x36 src/V2X/Real Time Clock/vrtc.o
                0x00000450                setNextAlarmRoutine
 .text.removeExpiredAlarms
                0x00000486       0x84 src/V2X/Real Time Clock/vrtc.o
                0x00000486                removeExpiredAlarms
 .text.addAlarm
                0x0000050a      0x110 src/V2X/Real Time Clock/vrtc.o
                0x0000050a                addAlarm
 .text.__vector_10
                0x0000061a       0x5c src/V2X/Real Time Clock/vrtc.o
                0x0000061a                __vector_10
 .text.__vector_11
                0x00000676      0x1a4 src/V2X/Real Time Clock/vrtc.o
                0x00000676                __vector_11
 .text.ssd1306_write_command
                0x0000081a       0x40 src/ASF/common/components/display/ssd1306/ssd1306.o
 .text.ssd1306_init
                0x0000085a       0xb4 src/ASF/common/components/display/ssd1306/ssd1306.o
                0x0000085a                ssd1306_init
 .text.sysclk_init
                0x0000090e       0x42 src/ASF/common/services/clock/xmega/sysclk.o
                0x0000090e                sysclk_init
 .text.sysclk_enable_module
                0x00000950       0x18 src/ASF/common/services/clock/xmega/sysclk.o
                0x00000950                sysclk_enable_module
 .text.ioport_configure_port_pin
                0x00000968       0x50 src/ASF/common/services/ioport/xmega/ioport_compat.o
                0x00000968                ioport_configure_port_pin
 .text.spi_master_init
                0x000009b8       0x58 src/ASF/common/services/spi/xmega_spi/spi_master.o
                0x000009b8                spi_master_init
 .text.spi_master_setup_device
                0x00000a10       0x3e src/ASF/common/services/spi/xmega_spi/spi_master.o
                0x00000a10                spi_master_setup_device
 .text.spi_select_device
                0x00000a4e       0x2c src/ASF/common/services/spi/xmega_spi/spi_master.o
                0x00000a4e                spi_select_device
 .text.spi_deselect_device
                0x00000a7a       0x2c src/ASF/common/services/spi/xmega_spi/spi_master.o
                0x00000a7a                spi_deselect_device
 .text.board_init
                0x00000aa6       0x1a src/ASF/xmega/boards/xmega_a1u_xplained_pro/board_init.o
                0x00000aa6                board_init
 .text.spi_xmega_set_baud_div
                0x00000ac0       0x8e src/ASF/xmega/drivers/spi/spi.o
                0x00000ac0                spi_xmega_set_baud_div
 .text.alarm1   0x00000b4e       0x28 src/main.o
 .text.alarm2   0x00000b76       0x30 src/main.o
 .text.alarm3   0x00000ba6       0x38 src/main.o
 .text.main     0x00000bde       0x88 src/main.o
                0x00000bde                main
 .text.libgcc.div
                0x00000c66       0x44 c:/program files (x86)/atmel/atmel toolchain/avr8 gcc/native/3.4.1061/avr8-gnu-toolchain/bin/../lib/gcc/avr/4.8.1/avrxmega7\libgcc.a(_udivmodsi4.o)
                0x00000c66                __udivmodsi4
 .text.avr-libc
                0x00000caa      0x24e c:/program files (x86)/atmel/atmel toolchain/avr8 gcc/native/3.4.1061/avr8-gnu-toolchain/bin/../lib/gcc/avr/4.8.1/../../../../avr/lib/avrxmega7\libc.a(malloc.o)
                0x00000caa                malloc
                0x00000dda                free
                0x00000ef8                . = ALIGN (0x2)
 *(.fini9)
 .fini9         0x00000ef8        0x0 c:/program files (x86)/atmel/atmel toolchain/avr8 gcc/native/3.4.1061/avr8-gnu-toolchain/bin/../lib/gcc/avr/4.8.1/avrxmega7\libgcc.a(_exit.o)
                0x00000ef8                _exit
                0x00000ef8                exit
 *(.fini9)
 *(.fini8)
 *(.fini8)
 *(.fini7)
 *(.fini7)
 *(.fini6)
 *(.fini6)
 *(.fini5)
 *(.fini5)
 *(.fini4)
 *(.fini4)
 *(.fini3)
 *(.fini3)
 *(.fini2)
 *(.fini2)
 *(.fini1)
 *(.fini1)
 *(.fini0)
 .fini0         0x00000ef8        0x4 c:/program files (x86)/atmel/atmel toolchain/avr8 gcc/native/3.4.1061/avr8-gnu-toolchain/bin/../lib/gcc/avr/4.8.1/avrxmega7\libgcc.a(_exit.o)
 *(.fini0)
                0x00000efc                _etext = .

.data           0x00802000        0xc load address 0x00000efc
                0x00802000                PROVIDE (__data_start, .)
 *(.data)
 .data          0x00802000        0x6 c:/program files (x86)/atmel/atmel toolchain/avr8 gcc/native/3.4.1061/avr8-gnu-toolchain/bin/../lib/gcc/avr/4.8.1/../../../../avr/lib/avrxmega7\libc.a(malloc.o)
                0x00802000                __malloc_heap_end
                0x00802002                __malloc_heap_start
                0x00802004                __malloc_margin
 *(.data*)
 .data.sleepmgr_configs
                0x00802006        0x6 src/ASF/common/services/sleepmgr/xmega/sleepmgr.o
                0x00802006                sleepmgr_configs
 *(.rodata)
 *(.rodata*)
 *(.gnu.linkonce.d*)
                0x0080200c                . = ALIGN (0x2)
                0x0080200c                _edata = .
                0x0080200c                PROVIDE (__data_end, .)

.bss            0x0080200c       0x18
                0x0080200c                PROVIDE (__bss_start, .)
 *(.bss)
 *(.bss*)
 *(COMMON)
 COMMON         0x0080200c        0x6 src/ASF/common/services/sleepmgr/xmega/sleepmgr.o
                0x0080200c                sleepmgr_locks
 COMMON         0x00802012        0x8 src/ASF/xmega/drivers/rtc/rtc.o
                0x00802012                rtc_data
 COMMON         0x0080201a        0x6 src/V2X/Real Time Clock/vrtc.o
                0x0080201a                alarm_curr_ref
                0x0080201c                alarm_list_head
                0x0080201e                soft_counter
 COMMON         0x00802020        0x4 c:/program files (x86)/atmel/atmel toolchain/avr8 gcc/native/3.4.1061/avr8-gnu-toolchain/bin/../lib/gcc/avr/4.8.1/../../../../avr/lib/avrxmega7\libc.a(malloc.o)
                0x00802020                __brkval
                0x00802022                __flp
                0x00802024                PROVIDE (__bss_end, .)
                0x00000efc                __data_load_start = LOADADDR (.data)
                0x00000f08                __data_load_end = (__data_load_start + SIZEOF (.data))

.noinit         0x00802024        0x0
                0x00802024                PROVIDE (__noinit_start, .)
 *(.noinit*)
                0x00802024                PROVIDE (__noinit_end, .)
                0x00802024                _end = .
                0x00802024                PROVIDE (__heap_start, .)

.eeprom         0x00810000        0x0
 *(.eeprom*)
                0x00810000                __eeprom_end = .

.fuse
 *(.fuse)
 *(.lfuse)
 *(.hfuse)
 *(.efuse)

.lock
 *(.lock*)

.signature
 *(.signature*)

.user_signatures
 *(.user_signatures*)

.stab
 *(.stab)

.stabstr
 *(.stabstr)

.stab.excl
 *(.stab.excl)

.stab.exclstr
 *(.stab.exclstr)

.stab.index
 *(.stab.index)

.stab.indexstr
 *(.stab.indexstr)

.comment        0x00000000       0x30
 *(.comment)
 .comment       0x00000000       0x30 src/ASF/common/services/sleepmgr/xmega/sleepmgr.o
                                 0x31 (size before relaxing)
 .comment       0x00000000       0x31 src/ASF/xmega/drivers/rtc/rtc.o
 .comment       0x00000000       0x31 src/V2X/Power Sequence/powerSeq.o
 .comment       0x00000000       0x31 src/V2X/Real Time Clock/vrtc.o
 .comment       0x00000000       0x31 src/ASF/common/components/display/ssd1306/ssd1306.o
 .comment       0x00000000       0x31 src/ASF/common/services/clock/xmega/sysclk.o
 .comment       0x00000000       0x31 src/ASF/common/services/ioport/xmega/ioport_compat.o
 .comment       0x00000000       0x31 src/ASF/common/services/spi/xmega_spi/spi_master.o
 .comment       0x00000000       0x31 src/ASF/xmega/boards/xmega_a1u_xplained_pro/board_init.o
 .comment       0x00000000       0x31 src/ASF/xmega/drivers/spi/spi.o
 .comment       0x00000000       0x31 src/main.o
 .comment       0x00000000       0x31 c:/program files (x86)/atmel/atmel toolchain/avr8 gcc/native/3.4.1061/avr8-gnu-toolchain/bin/../lib/gcc/avr/4.8.1/../../../../avr/lib/avrxmega7\libc.a(malloc.o)

.note.gnu.build-id
 *(.note.gnu.build-id)

.debug
 *(.debug)

.line
 *(.line)

.debug_srcinfo
 *(.debug_srcinfo)

.debug_sfnames
 *(.debug_sfnames)

.debug_aranges  0x00000000      0x248
 *(.debug_aranges)
 .debug_aranges
                0x00000000       0x18 src/ASF/common/services/sleepmgr/xmega/sleepmgr.o
 .debug_aranges
                0x00000018       0x48 src/ASF/xmega/drivers/rtc/rtc.o
 .debug_aranges
                0x00000060       0x48 src/V2X/Power Sequence/powerSeq.o
 .debug_aranges
                0x000000a8       0x60 src/V2X/Real Time Clock/vrtc.o
 .debug_aranges
                0x00000108       0x30 src/ASF/common/components/display/ssd1306/ssd1306.o
 .debug_aranges
                0x00000138       0x30 src/ASF/common/services/clock/xmega/sysclk.o
 .debug_aranges
                0x00000168       0x20 src/ASF/common/services/ioport/xmega/ioport_compat.o
 .debug_aranges
                0x00000188       0x48 src/ASF/common/services/spi/xmega_spi/spi_master.o
 .debug_aranges
                0x000001d0       0x20 src/ASF/xmega/boards/xmega_a1u_xplained_pro/board_init.o
 .debug_aranges
                0x000001f0       0x20 src/ASF/xmega/drivers/spi/spi.o
 .debug_aranges
                0x00000210       0x38 src/main.o

.debug_pubnames
 *(.debug_pubnames)

.debug_info     0x00000000     0x4f14
 *(.debug_info .gnu.linkonce.wi.*)
 .debug_info    0x00000000      0x121 src/ASF/common/services/sleepmgr/xmega/sleepmgr.o
 .debug_info    0x00000121      0x6a7 src/ASF/xmega/drivers/rtc/rtc.o
 .debug_info    0x000007c8      0xcbf src/V2X/Power Sequence/powerSeq.o
 .debug_info    0x00001487      0x862 src/V2X/Real Time Clock/vrtc.o
 .debug_info    0x00001ce9      0xcfc src/ASF/common/components/display/ssd1306/ssd1306.o
 .debug_info    0x000029e5      0x609 src/ASF/common/services/clock/xmega/sysclk.o
 .debug_info    0x00002fee      0x11d src/ASF/common/services/ioport/xmega/ioport_compat.o
 .debug_info    0x0000310b      0xbb4 src/ASF/common/services/spi/xmega_spi/spi_master.o
 .debug_info    0x00003cbf      0x3ea src/ASF/xmega/boards/xmega_a1u_xplained_pro/board_init.o
 .debug_info    0x000040a9      0x1b9 src/ASF/xmega/drivers/spi/spi.o
 .debug_info    0x00004262      0xcb2 src/main.o

.debug_abbrev   0x00000000     0x173b
 *(.debug_abbrev)
 .debug_abbrev  0x00000000       0x80 src/ASF/common/services/sleepmgr/xmega/sleepmgr.o
 .debug_abbrev  0x00000080      0x29b src/ASF/xmega/drivers/rtc/rtc.o
 .debug_abbrev  0x0000031b      0x2ee src/V2X/Power Sequence/powerSeq.o
 .debug_abbrev  0x00000609      0x30a src/V2X/Real Time Clock/vrtc.o
 .debug_abbrev  0x00000913      0x2ee src/ASF/common/components/display/ssd1306/ssd1306.o
 .debug_abbrev  0x00000c01      0x23f src/ASF/common/services/clock/xmega/sysclk.o
 .debug_abbrev  0x00000e40       0x93 src/ASF/common/services/ioport/xmega/ioport_compat.o
 .debug_abbrev  0x00000ed3      0x29c src/ASF/common/services/spi/xmega_spi/spi_master.o
 .debug_abbrev  0x0000116f      0x160 src/ASF/xmega/boards/xmega_a1u_xplained_pro/board_init.o
 .debug_abbrev  0x000012cf       0xf6 src/ASF/xmega/drivers/spi/spi.o
 .debug_abbrev  0x000013c5      0x376 src/main.o

.debug_line     0x00000000     0x5135
 *(.debug_line .debug_line.* .debug_line_end)
 .debug_line    0x00000000      0x430 src/ASF/common/services/sleepmgr/xmega/sleepmgr.o
 .debug_line    0x00000430      0x730 src/ASF/xmega/drivers/rtc/rtc.o
 .debug_line    0x00000b60      0xa53 src/V2X/Power Sequence/powerSeq.o
 .debug_line    0x000015b3      0xc88 src/V2X/Real Time Clock/vrtc.o
 .debug_line    0x0000223b      0x8ba src/ASF/common/components/display/ssd1306/ssd1306.o
 .debug_line    0x00002af5      0x582 src/ASF/common/services/clock/xmega/sysclk.o
 .debug_line    0x00003077      0x48d src/ASF/common/services/ioport/xmega/ioport_compat.o
 .debug_line    0x00003504      0x77d src/ASF/common/services/spi/xmega_spi/spi_master.o
 .debug_line    0x00003c81      0x4c4 src/ASF/xmega/boards/xmega_a1u_xplained_pro/board_init.o
 .debug_line    0x00004145      0x4d1 src/ASF/xmega/drivers/spi/spi.o
 .debug_line    0x00004616      0xb1f src/main.o

.debug_frame    0x00000000      0x5bc
 *(.debug_frame)
 .debug_frame   0x00000000       0x80 src/ASF/xmega/drivers/rtc/rtc.o
 .debug_frame   0x00000080       0xe0 src/V2X/Power Sequence/powerSeq.o
 .debug_frame   0x00000160      0x1b0 src/V2X/Real Time Clock/vrtc.o
 .debug_frame   0x00000310       0xd0 src/ASF/common/components/display/ssd1306/ssd1306.o
 .debug_frame   0x000003e0       0x44 src/ASF/common/services/clock/xmega/sysclk.o
 .debug_frame   0x00000424       0x30 src/ASF/common/services/ioport/xmega/ioport_compat.o
 .debug_frame   0x00000454       0xa4 src/ASF/common/services/spi/xmega_spi/spi_master.o
 .debug_frame   0x000004f8       0x24 src/ASF/xmega/boards/xmega_a1u_xplained_pro/board_init.o
 .debug_frame   0x0000051c       0x4c src/ASF/xmega/drivers/spi/spi.o
 .debug_frame   0x00000568       0x54 src/main.o

.debug_str      0x00000000    0x28f4d
 *(.debug_str)
 .debug_str     0x00000000    0x23762 src/ASF/common/services/sleepmgr/xmega/sleepmgr.o
                              0x23dc5 (size before relaxing)
 .debug_str     0x00023762     0x2e37 src/ASF/xmega/drivers/rtc/rtc.o
                              0x26c5b (size before relaxing)
 .debug_str     0x00026599     0x19f6 src/V2X/Power Sequence/powerSeq.o
                              0x283e7 (size before relaxing)
 .debug_str     0x00027f8f      0x85a src/V2X/Real Time Clock/vrtc.o
                              0x2880f (size before relaxing)
 .debug_str     0x000287e9      0x1d4 src/ASF/common/components/display/ssd1306/ssd1306.o
                              0x2795a (size before relaxing)
 .debug_str     0x000289bd      0x167 src/ASF/common/services/clock/xmega/sysclk.o
                              0x2667c (size before relaxing)
 .debug_str     0x00028b24       0x41 src/ASF/common/services/ioport/xmega/ioport_compat.o
                              0x23fce (size before relaxing)
 .debug_str     0x00028b65      0x201 src/ASF/common/services/spi/xmega_spi/spi_master.o
                              0x27069 (size before relaxing)
 .debug_str     0x00028d66       0x47 src/ASF/xmega/boards/xmega_a1u_xplained_pro/board_init.o
                              0x260ad (size before relaxing)
 .debug_str     0x00028dad       0xbf src/ASF/xmega/drivers/spi/spi.o
                              0x2404d (size before relaxing)
 .debug_str     0x00028e6c       0xe1 src/main.o
                              0x28b75 (size before relaxing)

.debug_loc      0x00000000     0x1918
 *(.debug_loc)
 .debug_loc     0x00000000       0x85 src/ASF/xmega/drivers/rtc/rtc.o
 .debug_loc     0x00000085      0x2f7 src/V2X/Power Sequence/powerSeq.o
 .debug_loc     0x0000037c      0x778 src/V2X/Real Time Clock/vrtc.o
 .debug_loc     0x00000af4      0x445 src/ASF/common/components/display/ssd1306/ssd1306.o
 .debug_loc     0x00000f39      0x1bb src/ASF/common/services/clock/xmega/sysclk.o
 .debug_loc     0x000010f4       0x66 src/ASF/common/services/ioport/xmega/ioport_compat.o
 .debug_loc     0x0000115a      0x528 src/ASF/common/services/spi/xmega_spi/spi_master.o
 .debug_loc     0x00001682      0x105 src/ASF/xmega/drivers/spi/spi.o
 .debug_loc     0x00001787      0x191 src/main.o

.debug_macinfo
 *(.debug_macinfo)

.debug_weaknames
 *(.debug_weaknames)

.debug_funcnames
 *(.debug_funcnames)

.debug_typenames
 *(.debug_typenames)

.debug_varnames
 *(.debug_varnames)

.debug_pubtypes
 *(.debug_pubtypes)

.debug_ranges   0x00000000      0x2a0
 *(.debug_ranges)
 .debug_ranges  0x00000000       0x38 src/ASF/xmega/drivers/rtc/rtc.o
 .debug_ranges  0x00000038       0x68 src/V2X/Power Sequence/powerSeq.o
 .debug_ranges  0x000000a0       0x50 src/V2X/Real Time Clock/vrtc.o
 .debug_ranges  0x000000f0       0x50 src/ASF/common/components/display/ssd1306/ssd1306.o
 .debug_ranges  0x00000140       0x20 src/ASF/common/services/clock/xmega/sysclk.o
 .debug_ranges  0x00000160       0x10 src/ASF/common/services/ioport/xmega/ioport_compat.o
 .debug_ranges  0x00000170       0x38 src/ASF/common/services/spi/xmega_spi/spi_master.o
 .debug_ranges  0x000001a8       0x10 src/ASF/xmega/boards/xmega_a1u_xplained_pro/board_init.o
 .debug_ranges  0x000001b8       0x10 src/ASF/xmega/drivers/spi/spi.o
 .debug_ranges  0x000001c8       0xd8 src/main.o

.debug_macro    0x00000000     0xa44c
 *(.debug_macro)
 .debug_macro   0x00000000      0x1a3 src/ASF/common/services/sleepmgr/xmega/sleepmgr.o
 .debug_macro   0x000001a3      0xa72 src/ASF/common/services/sleepmgr/xmega/sleepmgr.o
 .debug_macro   0x00000c15       0x10 src/ASF/common/services/sleepmgr/xmega/sleepmgr.o
 .debug_macro   0x00000c25      0x1ad src/ASF/common/services/sleepmgr/xmega/sleepmgr.o
 .debug_macro   0x00000dd2      0x293 src/ASF/common/services/sleepmgr/xmega/sleepmgr.o
 .debug_macro   0x00001065       0x9e src/ASF/common/services/sleepmgr/xmega/sleepmgr.o
 .debug_macro   0x00001103     0x5272 src/ASF/common/services/sleepmgr/xmega/sleepmgr.o
 .debug_macro   0x00006375       0x9a src/ASF/common/services/sleepmgr/xmega/sleepmgr.o
 .debug_macro   0x0000640f       0xf1 src/ASF/common/services/sleepmgr/xmega/sleepmgr.o
 .debug_macro   0x00006500       0x34 src/ASF/common/services/sleepmgr/xmega/sleepmgr.o
 .debug_macro   0x00006534       0x10 src/ASF/common/services/sleepmgr/xmega/sleepmgr.o
 .debug_macro   0x00006544       0x18 src/ASF/common/services/sleepmgr/xmega/sleepmgr.o
 .debug_macro   0x0000655c       0x5e src/ASF/common/services/sleepmgr/xmega/sleepmgr.o
 .debug_macro   0x000065ba       0x10 src/ASF/common/services/sleepmgr/xmega/sleepmgr.o
 .debug_macro   0x000065ca       0x22 src/ASF/common/services/sleepmgr/xmega/sleepmgr.o
 .debug_macro   0x000065ec      0x166 src/ASF/common/services/sleepmgr/xmega/sleepmgr.o
 .debug_macro   0x00006752       0x1c src/ASF/common/services/sleepmgr/xmega/sleepmgr.o
 .debug_macro   0x0000676e       0x35 src/ASF/common/services/sleepmgr/xmega/sleepmgr.o
 .debug_macro   0x000067a3       0x66 src/ASF/common/services/sleepmgr/xmega/sleepmgr.o
 .debug_macro   0x00006809      0x4d1 src/ASF/common/services/sleepmgr/xmega/sleepmgr.o
 .debug_macro   0x00006cda       0x97 src/ASF/common/services/sleepmgr/xmega/sleepmgr.o
 .debug_macro   0x00006d71       0x17 src/ASF/common/services/sleepmgr/xmega/sleepmgr.o
 .debug_macro   0x00006d88      0x250 src/ASF/common/services/sleepmgr/xmega/sleepmgr.o
 .debug_macro   0x00006fd8       0x76 src/ASF/common/services/sleepmgr/xmega/sleepmgr.o
 .debug_macro   0x0000704e       0x16 src/ASF/common/services/sleepmgr/xmega/sleepmgr.o
 .debug_macro   0x00007064      0x6e3 src/ASF/common/services/sleepmgr/xmega/sleepmgr.o
 .debug_macro   0x00007747       0x10 src/ASF/common/services/sleepmgr/xmega/sleepmgr.o
 .debug_macro   0x00007757      0x175 src/ASF/common/services/sleepmgr/xmega/sleepmgr.o
 .debug_macro   0x000078cc       0x40 src/ASF/common/services/sleepmgr/xmega/sleepmgr.o
 .debug_macro   0x0000790c       0x69 src/ASF/common/services/sleepmgr/xmega/sleepmgr.o
 .debug_macro   0x00007975       0x32 src/ASF/common/services/sleepmgr/xmega/sleepmgr.o
 .debug_macro   0x000079a7       0xe4 src/ASF/common/services/sleepmgr/xmega/sleepmgr.o
 .debug_macro   0x00007a8b       0x10 src/ASF/common/services/sleepmgr/xmega/sleepmgr.o
 .debug_macro   0x00007a9b       0x5e src/ASF/common/services/sleepmgr/xmega/sleepmgr.o
 .debug_macro   0x00007af9      0x237 src/ASF/xmega/drivers/rtc/rtc.o
 .debug_macro   0x00007d30       0x28 src/ASF/xmega/drivers/rtc/rtc.o
 .debug_macro   0x00007d58      0x248 src/ASF/xmega/drivers/rtc/rtc.o
 .debug_macro   0x00007fa0      0x530 src/ASF/xmega/drivers/rtc/rtc.o
 .debug_macro   0x000084d0       0x7d src/ASF/xmega/drivers/rtc/rtc.o
 .debug_macro   0x0000854d       0x2f src/ASF/xmega/drivers/rtc/rtc.o
 .debug_macro   0x0000857c      0x13f src/ASF/xmega/drivers/rtc/rtc.o
 .debug_macro   0x000086bb       0x1c src/ASF/xmega/drivers/rtc/rtc.o
 .debug_macro   0x000086d7      0x327 src/V2X/Power Sequence/powerSeq.o
 .debug_macro   0x000089fe       0x34 src/V2X/Power Sequence/powerSeq.o
 .debug_macro   0x00008a32       0x28 src/V2X/Power Sequence/powerSeq.o
 .debug_macro   0x00008a5a       0x23 src/V2X/Power Sequence/powerSeq.o
 .debug_macro   0x00008a7d       0x9a src/V2X/Power Sequence/powerSeq.o
 .debug_macro   0x00008b17      0x109 src/V2X/Power Sequence/powerSeq.o
 .debug_macro   0x00008c20       0x40 src/V2X/Power Sequence/powerSeq.o
 .debug_macro   0x00008c60       0x26 src/V2X/Power Sequence/powerSeq.o
 .debug_macro   0x00008c86       0x2e src/V2X/Power Sequence/powerSeq.o
 .debug_macro   0x00008cb4       0x10 src/V2X/Power Sequence/powerSeq.o
 .debug_macro   0x00008cc4       0x40 src/V2X/Power Sequence/powerSeq.o
 .debug_macro   0x00008d04       0xff src/V2X/Power Sequence/powerSeq.o
 .debug_macro   0x00008e03       0x7c src/V2X/Power Sequence/powerSeq.o
 .debug_macro   0x00008e7f      0x370 src/V2X/Real Time Clock/vrtc.o
 .debug_macro   0x000091ef      0x274 src/ASF/common/components/display/ssd1306/ssd1306.o
 .debug_macro   0x00009463       0xf1 src/ASF/common/components/display/ssd1306/ssd1306.o
 .debug_macro   0x00009554       0x12 src/ASF/common/components/display/ssd1306/ssd1306.o
 .debug_macro   0x00009566      0x1e2 src/ASF/common/services/clock/xmega/sysclk.o
 .debug_macro   0x00009748      0x193 src/ASF/common/services/ioport/xmega/ioport_compat.o
 .debug_macro   0x000098db      0x235 src/ASF/common/services/spi/xmega_spi/spi_master.o
 .debug_macro   0x00009b10      0x1bc src/ASF/xmega/boards/xmega_a1u_xplained_pro/board_init.o
 .debug_macro   0x00009ccc      0x242 src/ASF/xmega/boards/xmega_a1u_xplained_pro/board_init.o
 .debug_macro   0x00009f0e      0x1a7 src/ASF/xmega/drivers/spi/spi.o
 .debug_macro   0x0000a0b5      0x397 src/main.o
OUTPUT(JLR_LED.elf elf32-avr)
LOAD linker stubs

.BOOT           0x00020000        0x0
